[bizedkhan.com/envato/experts/home.html]
[backblue.gif]
[fade.gif]
[index.html]
[bizedkhan.com/envato/experts/favicon.ico]
[bizedkhan.com/envato/experts/css/bootstrap.min.css]
[bizedkhan.com/envato/experts/css/font-awesome.css]
[bizedkhan.com/envato/experts/css/menuzord.css]
[bizedkhan.com/envato/experts/css/stroke-icon.css]
[bizedkhan.com/envato/experts/css/demo.css]
[bizedkhan.com/envato/experts/css/ie7.css]
[bizedkhan.com/envato/experts/css/bootFolio.css]
[bizedkhan.com/envato/experts/css/magnific-popup.css]
[bizedkhan.com/envato/experts/css/jquery-ui.css]
[bizedkhan.com/envato/experts/css/owl.theme.default.css]
[bizedkhan.com/envato/experts/css/owl.carousel.css]
[bizedkhan.com/envato/experts/revolution/css/settings.css]
[bizedkhan.com/envato/experts/revolution/css/layers.css]
[bizedkhan.com/envato/experts/revolution/css/navigation.css]
[bizedkhan.com/envato/experts/css/style.css]
[bizedkhan.com/envato/experts/images/logo.png]
[bizedkhan.com/envato/experts/images/shop-right-book-1.png]
[bizedkhan.com/envato/experts/images/shop-cart-cross.png]
[bizedkhan.com/envato/experts/home-2.html]
[bizedkhan.com/envato/experts/home-3.html]
[bizedkhan.com/envato/experts/home-4.html]
[bizedkhan.com/envato/experts/home-5.html]
[bizedkhan.com/envato/experts/home-6.html]
[bizedkhan.com/envato/experts/home-7.html]
[bizedkhan.com/envato/experts/home-8.html]
[bizedkhan.com/envato/experts/home-9.html]
[bizedkhan.com/envato/experts/home-10.html]
[bizedkhan.com/envato/experts/service-1.html]
[bizedkhan.com/envato/experts/service-2.html]
[bizedkhan.com/envato/experts/service-blocks.html]
[bizedkhan.com/envato/experts/service-single.html]
[bizedkhan.com/envato/experts/service-pricing.html]
[bizedkhan.com/envato/experts/about-1.html]
[bizedkhan.com/envato/experts/header-1.html]
[bizedkhan.com/envato/experts/header-2.html]
[bizedkhan.com/envato/experts/header-3.html]
[bizedkhan.com/envato/experts/header-4.html]
[bizedkhan.com/envato/experts/header-5.html]
[bizedkhan.com/envato/experts/header-6.html]
[bizedkhan.com/envato/experts/header-7.html]
[bizedkhan.com/envato/experts/header-8.html]
[bizedkhan.com/envato/experts/header-9.html]
[bizedkhan.com/envato/experts/header-10.html]
[bizedkhan.com/envato/experts/header-11.html]
[bizedkhan.com/envato/experts/header-12.html]
[bizedkhan.com/envato/experts/header-13.html]
[bizedkhan.com/envato/experts/header-14.html]
[bizedkhan.com/envato/experts/header-15.html]
[bizedkhan.com/envato/experts/page-title-1.html]
[bizedkhan.com/envato/experts/page-title-2.html]
[bizedkhan.com/envato/experts/page-title-3.html]
[bizedkhan.com/envato/experts/page-title-4.html]
[bizedkhan.com/envato/experts/page-title-5.html]
[bizedkhan.com/envato/experts/page-title-6.html]
[bizedkhan.com/envato/experts/footer-1.html]
[bizedkhan.com/envato/experts/footer-2.html]
[bizedkhan.com/envato/experts/footer-3.html]
[bizedkhan.com/envato/experts/footer-4.html]
[bizedkhan.com/envato/experts/footer-5.html]
[bizedkhan.com/envato/experts/about-2.html]
[bizedkhan.com/envato/experts/team-1.html]
[bizedkhan.com/envato/experts/team-2.html]
[bizedkhan.com/envato/experts/testimonial.html]
[bizedkhan.com/envato/experts/feature-typography.html]
[bizedkhan.com/envato/experts/feature-404.html]
[bizedkhan.com/envato/experts/feature-soon.html]
[bizedkhan.com/envato/experts/feature-maintenance.html]
[bizedkhan.com/envato/experts/heading-seperator.html]
[bizedkhan.com/envato/experts/testimonial-block.html]
[bizedkhan.com/envato/experts/feature-call-to-action.html]
[bizedkhan.com/envato/experts/feature-pricing-table.html]
[bizedkhan.com/envato/experts/faq.html]
[bizedkhan.com/envato/experts/feature-section.html]
[bizedkhan.com/envato/experts/feature-sortcode.html]
[bizedkhan.com/envato/experts/gallery-grid-2.html]
[bizedkhan.com/envato/experts/gallery-grid-3.html]
[bizedkhan.com/envato/experts/gallery-grid.html]
[bizedkhan.com/envato/experts/gallery.html]
[bizedkhan.com/envato/experts/gallery-2.html]
[bizedkhan.com/envato/experts/gallery-3.html]
[bizedkhan.com/envato/experts/blog-grid.html]
[bizedkhan.com/envato/experts/blog-grid-left-sidebar.html]
[bizedkhan.com/envato/experts/blog-grid-right-sidebar.html]
[bizedkhan.com/envato/experts/blog-standard-right-sidebar.html]
[bizedkhan.com/envato/experts/blog-standard-left-sidebar.html]
[bizedkhan.com/envato/experts/blog-standard-without-sidebar.html]
[bizedkhan.com/envato/experts/blog-minimal-right-sidebar.html]
[bizedkhan.com/envato/experts/blog-minimal-left-sidebar.html]
[bizedkhan.com/envato/experts/blog-minimal-full-width.html]
[bizedkhan.com/envato/experts/blog-single-right-sidebar.html]
[bizedkhan.com/envato/experts/blog-single-left-sidebar.html]
[bizedkhan.com/envato/experts/blog-single-without-sidebar.html]
[bizedkhan.com/envato/experts/shop-right-sidebar.html]
[bizedkhan.com/envato/experts/shop-product.html]
[bizedkhan.com/envato/experts/shop-single-product.html]
[bizedkhan.com/envato/experts/shoping-cart.html]
[bizedkhan.com/envato/experts/contact.html]
[bizedkhan.com/envato/experts/images/rev-slider1.jpg]
[bizedkhan.com/envato/experts/images/rev-slider2.jpg]
[bizedkhan.com/envato/experts/images/rev-slider3.jpg]
[bizedkhan.com/envato/experts/images/rev-icon-1.png]
[bizedkhan.com/envato/experts/images/rev-icon-2.png]
[bizedkhan.com/envato/experts/images/rev-icon-3.png]
[bizedkhan.com/envato/experts/images/logo-white.png]
[bizedkhan.com/envato/experts/images/service-1.png]
[bizedkhan.com/envato/experts/images/zoom-icon.png]
[bizedkhan.com/envato/experts/images/service-2.png]
[bizedkhan.com/envato/experts/images/service-3.png]
[bizedkhan.com/envato/experts/images/blog/blog-1.png]
[bizedkhan.com/envato/experts/images/blog/blog-2.png]
[bizedkhan.com/envato/experts/images/blog/blog-3.png]
[bizedkhan.com/envato/experts/images/form-bg.jpg]
[bizedkhan.com/envato/experts/images/client/client-1.png]
[bizedkhan.com/envato/experts/images/client/client-5.png]
[bizedkhan.com/envato/experts/images/client/client-2.png]
[bizedkhan.com/envato/experts/images/client/client-6.png]
[bizedkhan.com/envato/experts/images/client/client-3.png]
[bizedkhan.com/envato/experts/images/client/client-7.png]
[bizedkhan.com/envato/experts/images/client/client-4.png]
[bizedkhan.com/envato/experts/images/client/client-8.png]
[bizedkhan.com/envato/experts/js/jquery-1.11.3.min.js]
[bizedkhan.com/envato/experts/revolution/js/jquery.themepunch.tools.min838f.js]
[bizedkhan.com/envato/experts/revolution/js/jquery.themepunch.revolution.min838f.js]
[bizedkhan.com/envato/experts/revolution/js/extensions/revolution.extension.slideanims.min.js]
[bizedkhan.com/envato/experts/revolution/js/extensions/revolution.extension.layeranimation.min.js]
[bizedkhan.com/envato/experts/revolution/js/extensions/revolution.extension.navigation.min.js]
[bizedkhan.com/envato/experts/revolution/js/extensions/revolution.extension.parallax.min.js]
[bizedkhan.com/envato/experts/js/bootstrap.min.js]
[bizedkhan.com/envato/experts/js/menuzord.js]
[bizedkhan.com/envato/experts/js/owl.carousel.min.js]
[bizedkhan.com/envato/experts/js/jquery.counterup.js]
[bizedkhan.com/envato/experts/js/waypoints.min.js]
[bizedkhan.com/envato/experts/js/countdown.js]
[bizedkhan.com/envato/experts/js/parallax.min.js]
[bizedkhan.com/envato/experts/js/jquery.bootFolio.js]
[bizedkhan.com/envato/experts/js/jquery.magnific-popup.js]
[bizedkhan.com/envato/experts/js/rev-function.js]
[bizedkhan.com/envato/experts/js/smoothscroll.js]
[bizedkhan.com/envato/experts/js/jquery-ui.js]
[bizedkhan.com/envato/experts/home.html]
[bizedkhan.com/envato/experts/js/main.js]
[bizedkhan.com/envato/experts/fonts/glyphicons-halflings-regular.eot]
[bizedkhan.com/envato/experts/fonts/glyphicons-halflings-regulard41d.eot]
[bizedkhan.com/envato/experts/fonts/glyphicons-halflings-regular.woff2]
[bizedkhan.com/envato/experts/fonts/glyphicons-halflings-regular.woff]
[bizedkhan.com/envato/experts/fonts/glyphicons-halflings-regular.ttf]
[bizedkhan.com/envato/experts/css/bootstrap.min.css]
[bizedkhan.com/envato/experts/fonts/glyphicons-halflings-regular.svg]
[bizedkhan.com/envato/experts/fonts/fontawesome-webfontd41d.eot]
[bizedkhan.com/envato/experts/fonts/fontawesome-webfont3295.woff2]
[bizedkhan.com/envato/experts/fonts/fontawesome-webfont3295.woff]
[bizedkhan.com/envato/experts/fonts/fontawesome-webfont3295.ttf]
[bizedkhan.com/envato/experts/css/font-awesome.css]
[bizedkhan.com/envato/experts/css/menuzord.css]
[bizedkhan.com/envato/experts/fonts/fontawesome-webfont3295.svg]
[bizedkhan.com/envato/experts/fonts/Stroke-Gap-Icons.eot]
[bizedkhan.com/envato/experts/css/stroke-icon.css]
[bizedkhan.com/envato/experts/css/demo.css]
[bizedkhan.com/envato/experts/css/ie7.css]
[bizedkhan.com/envato/experts/css/bootFolio.css]
[bizedkhan.com/envato/experts/css/magnific-popup.css]
[bizedkhan.com/envato/experts/css/images/ui-icons_444444_256x240.png]
[bizedkhan.com/envato/experts/css/images/ui-icons_777777_256x240.png]
[bizedkhan.com/envato/experts/css/images/ui-icons_555555_256x240.png]
[bizedkhan.com/envato/experts/css/images/ui-icons_ffffff_256x240.png]
[bizedkhan.com/envato/experts/css/images/ui-icons_777620_256x240.png]
[bizedkhan.com/envato/experts/css/images/ui-icons_cc0000_256x240.png]
[bizedkhan.com/envato/experts/css/jquery-ui.css]
[bizedkhan.com/envato/experts/css/owl.theme.default.css]
[bizedkhan.com/envato/experts/css/owl.video.play.png]
[bizedkhan.com/envato/experts/css/owl.carousel.css]
[bizedkhan.com/envato/experts/revolution/fonts/revicons/revicons90c6.eot]
[bizedkhan.com/envato/experts/revolution/fonts/revicons/revicons90c6.woff]
[bizedkhan.com/envato/experts/revolution/fonts/revicons/revicons90c6.ttf]
[bizedkhan.com/envato/experts/revolution/fonts/revicons/revicons90c6.svg]
[bizedkhan.com/envato/experts/revolution/css/openhand.cur]
[bizedkhan.com/envato/experts/revolution/css/closedhand.cur]
[bizedkhan.com/envato/experts/revolution/assets/gridtile.png]
[bizedkhan.com/envato/experts/revolution/assets/gridtile_white.png]
[bizedkhan.com/envato/experts/revolution/assets/gridtile_3x3.png]
[bizedkhan.com/envato/experts/revolution/assets/gridtile_3x3_white.png]
[bizedkhan.com/envato/experts/revolution/assets/coloredbg.png]
[bizedkhan.com/envato/experts/revolution/assets/loader.gif]
[bizedkhan.com/envato/experts/revolution/css/settings.css]
[bizedkhan.com/envato/experts/revolution/css/layers.css]
[bizedkhan.com/envato/experts/revolution/css/navigation.css]
[bizedkhan.com/envato/experts/images/slide-arrow-left.png]
[bizedkhan.com/envato/experts/images/slide-arrow-right.png]
[bizedkhan.com/envato/experts/images/main-title-divider.png]
[bizedkhan.com/envato/experts/images/home-1-left-img.png]
[bizedkhan.com/envato/experts/images/home-5-left-img.jpg]
[bizedkhan.com/envato/experts/images/home-2-feature.jpg]
[bizedkhan.com/envato/experts/images/quote-slider-bg.png]
[bizedkhan.com/envato/experts/images/sign-up-bg.png]
[bizedkhan.com/envato/experts/images/Homepage9_Feature.jpg]
[bizedkhan.com/envato/experts/images/service-bg.jpg]
[bizedkhan.com/envato/experts/images/pricing-table-bg-1.jpg]
[bizedkhan.com/envato/experts/images/pricing-table-bg-2.jpg]
[bizedkhan.com/envato/experts/images/about-page-bg.png]
[bizedkhan.com/envato/experts/images/team-page-bg.png]
[bizedkhan.com/envato/experts/images/testimonial.jpg]
[bizedkhan.com/envato/experts/images/faq.jpg]
[bizedkhan.com/envato/experts/images/call-to-action-bg.jpg]
[bizedkhan.com/envato/experts/images/header-bg-area.jpg]
[bizedkhan.com/envato/experts/images/gallery-bg.jpg]
[bizedkhan.com/envato/experts/images/blog-page-bg.png]
[bizedkhan.com/envato/experts/images/shop-bg.png]
[bizedkhan.com/envato/experts/images/contact-area-bg.png]
[bizedkhan.com/envato/experts/css/style.css]
[bizedkhan.com/envato/experts/images/rev-slider4.jpg]
[bizedkhan.com/envato/experts/images/rev-icon-4.png]
[bizedkhan.com/envato/experts/images/rev-icon-5.png]
[bizedkhan.com/envato/experts/images/rev-icon-6.png]
[bizedkhan.com/envato/experts/images/rev-slider5.jpg]
[bizedkhan.com/envato/experts/images/service-7.png]
[bizedkhan.com/envato/experts/images/service-8.png]
[bizedkhan.com/envato/experts/images/service-9.png]
[bizedkhan.com/envato/experts/images/quote-author-1.jpg]
[bizedkhan.com/envato/experts/images/quote-author-2.jpg]
[bizedkhan.com/envato/experts/images/quote-author-3.jpg]
[bizedkhan.com/envato/experts/home-2.html]
[bizedkhan.com/envato/experts/images/rev-slider6.jpg]
[bizedkhan.com/envato/experts/images/team/team-1.png]
[bizedkhan.com/envato/experts/images/team/team-2.png]
[bizedkhan.com/envato/experts/images/team/team-3.png]
[bizedkhan.com/envato/experts/images/team/team-4.png]
[bizedkhan.com/envato/experts/home-3.html]
[bizedkhan.com/envato/experts/images/rev-slider7.jpg]
[bizedkhan.com/envato/experts/home-4.html]
[bizedkhan.com/envato/experts/images/rev-slider8.jpg]
[bizedkhan.com/envato/experts/images/quote-author-4.jpg]
[bizedkhan.com/envato/experts/home-5.html]
[bizedkhan.com/envato/experts/home-6.html]
[bizedkhan.com/envato/experts/home-7.html]
[bizedkhan.com/envato/experts/home-8.html]
[bizedkhan.com/envato/experts/images/Homepage9_Feature1.jpg]
[bizedkhan.com/envato/experts/home-9.html]
[bizedkhan.com/envato/experts/images/rev-slider9.jpg]
[bizedkhan.com/envato/experts/images/shop-book-1.png]
[bizedkhan.com/envato/experts/images/shop-book-2.png]
[bizedkhan.com/envato/experts/images/shop-book-3.png]
[bizedkhan.com/envato/experts/images/shop-book-4.png]
[bizedkhan.com/envato/experts/images/shop-book-5.png]
[bizedkhan.com/envato/experts/images/shop-book-6.png]
[bizedkhan.com/envato/experts/images/shop-book-7.png]
[bizedkhan.com/envato/experts/images/shop-book-8.png]
[bizedkhan.com/envato/experts/images/shop-book-9.png]
[bizedkhan.com/envato/experts/images/shop-book-11.png]
[bizedkhan.com/envato/experts/images/shop-book-12.png]
[bizedkhan.com/envato/experts/home-10.html]
[bizedkhan.com/envato/experts/images/service-4.png]
[bizedkhan.com/envato/experts/images/service-5.png]
[bizedkhan.com/envato/experts/images/service-6.png]
[bizedkhan.com/envato/experts/service-1.html]
[bizedkhan.com/envato/experts/service-2.html]
[bizedkhan.com/envato/experts/service-blocks.html]
[bizedkhan.com/envato/experts/images/service-single-img.png]
[bizedkhan.com/envato/experts/service-single.html]
[bizedkhan.com/envato/experts/service-pricing.html]
[bizedkhan.com/envato/experts/about-1.html]
[bizedkhan.com/envato/experts/header-1.html]
[bizedkhan.com/envato/experts/header-2.html]
[bizedkhan.com/envato/experts/header-3.html]
[bizedkhan.com/envato/experts/header-4.html]
[bizedkhan.com/envato/experts/header-5.html]
[bizedkhan.com/envato/experts/header-6.html]
[bizedkhan.com/envato/experts/header-7.html]
[bizedkhan.com/envato/experts/header-8.html]
[bizedkhan.com/envato/experts/header-9.html]
[bizedkhan.com/envato/experts/header-10.html]
[bizedkhan.com/envato/experts/header-11.html]
[bizedkhan.com/envato/experts/header-12.html]
[bizedkhan.com/envato/experts/header-13.html]
[bizedkhan.com/envato/experts/header-14.html]
[bizedkhan.com/envato/experts/header-15.html]
[bizedkhan.com/envato/experts/page-title-1.html]
[bizedkhan.com/envato/experts/page-title-2.html]
[bizedkhan.com/envato/experts/page-title-3.html]
[bizedkhan.com/envato/experts/page-title-4.html]
[bizedkhan.com/envato/experts/page-title-5.html]
[bizedkhan.com/envato/experts/page-title-6.html]
[bizedkhan.com/envato/experts/footer-1.html]
[bizedkhan.com/envato/experts/footer-2.html]
[bizedkhan.com/envato/experts/footer-3.html]
[bizedkhan.com/envato/experts/footer-4.html]
[bizedkhan.com/envato/experts/footer-5.html]
[bizedkhan.com/envato/experts/about-2.html]
[bizedkhan.com/envato/experts/images/team/team-5.png]
[bizedkhan.com/envato/experts/images/team/team-6.png]
[bizedkhan.com/envato/experts/images/team/team-7.png]
[bizedkhan.com/envato/experts/team-1.html]
[bizedkhan.com/envato/experts/team-2.html]
[bizedkhan.com/envato/experts/testimonial.html]
[bizedkhan.com/envato/experts/feature-typography.html]
[bizedkhan.com/envato/experts/feature-404.html]
[bizedkhan.com/envato/experts/feature-soon.html]
[bizedkhan.com/envato/experts/feature-maintenance.html]
[bizedkhan.com/envato/experts/heading-seperator.html]
[bizedkhan.com/envato/experts/testimonial-block.html]
[bizedkhan.com/envato/experts/feature-call-to-action.html]
[bizedkhan.com/envato/experts/feature-pricing-table.html]
[bizedkhan.com/envato/experts/faq.html]
[bizedkhan.com/envato/experts/feature-section.html]
[bizedkhan.com/envato/experts/feature-sortcode.html]
[bizedkhan.com/envato/experts/images/gallery/01.jpg]
[bizedkhan.com/envato/experts/images/gallery/02.jpg]
[bizedkhan.com/envato/experts/images/gallery/03.jpg]
[bizedkhan.com/envato/experts/images/gallery/04.jpg]
[bizedkhan.com/envato/experts/images/gallery/05.jpg]
[bizedkhan.com/envato/experts/images/gallery/06.jpg]
[bizedkhan.com/envato/experts/images/gallery/07.jpg]
[bizedkhan.com/envato/experts/images/gallery/08.jpg]
[bizedkhan.com/envato/experts/gallery-grid-2.html]
[bizedkhan.com/envato/experts/gallery-grid-3.html]
[bizedkhan.com/envato/experts/gallery-grid.html]
[bizedkhan.com/envato/experts/gallery.html]
[bizedkhan.com/envato/experts/gallery-2.html]
[bizedkhan.com/envato/experts/gallery-3.html]
[bizedkhan.com/envato/experts/images/blog/blog-4.png]
[bizedkhan.com/envato/experts/images/blog/blog-5.png]
[bizedkhan.com/envato/experts/images/blog/blog-6.png]
[bizedkhan.com/envato/experts/blog-grid.html]
[bizedkhan.com/envato/experts/images/blog-siderbar-author-1.png]
[bizedkhan.com/envato/experts/images/blog-siderbar-author-2.png]
[bizedkhan.com/envato/experts/blog-grid-left-sidebar.html]
[bizedkhan.com/envato/experts/blog-grid-right-sidebar.html]
[bizedkhan.com/envato/experts/blog-standard-right-sidebar.html]
[bizedkhan.com/envato/experts/blog-standard-left-sidebar.html]
[bizedkhan.com/envato/experts/blog-standard-without-sidebar.html]
[bizedkhan.com/envato/experts/blog-minimal-right-sidebar.html]
[bizedkhan.com/envato/experts/blog-minimal-left-sidebar.html]
[bizedkhan.com/envato/experts/blog-minimal-full-width.html]
[bizedkhan.com/envato/experts/images/single-blog-author-1.png]
[bizedkhan.com/envato/experts/images/blog-comment-author-1.png]
[bizedkhan.com/envato/experts/images/blog-comment-author-2.png]
[bizedkhan.com/envato/experts/images/blog-comment-author-3.png]
[bizedkhan.com/envato/experts/blog-single-right-sidebar.html]
[bizedkhan.com/envato/experts/blog-single-left-sidebar.html]
[bizedkhan.com/envato/experts/blog-single-without-sidebar.html]
[bizedkhan.com/envato/experts/shop-right-sidebar.html]
[bizedkhan.com/envato/experts/shop-product.html]
[bizedkhan.com/envato/experts/images/shop-book.png]
[bizedkhan.com/envato/experts/shop-single-product.html]
[bizedkhan.com/envato/experts/shoping-cart.html]
[bizedkhan.com/envato/experts/js/map.js]
[bizedkhan.com/envato/experts/contact.html]
[bizedkhan.com/envato/experts/js/jquery-1.11.3.min.js]
[bizedkhan.com/envato/experts/TweenLite.js]
[bizedkhan.com/envato/TweenLite.js]
[bizedkhan.com/envato/experts/revolution/js/jquery.themepunch.tools.min838f.js]
[bizedkhan.com/envato/experts/Version/index.html]
[bizedkhan.com/envato/experts/themepunch.revolution.min.js]
[bizedkhan.com/envato/experts/jquery.themepunch.revolution.min.js]
[bizedkhan.com/envato/experts/jquery.themepunch.revolution.js]
[bizedkhan.com/envato/experts/revolution/js/jquery.themepunch.revolution.min838f.js]
[bizedkhan.com/envato/experts/revolution/js/extensions/revolution.extension.slideanims.min.js]
[bizedkhan.com/envato/experts/revolution/js/extensions/revolution.extension.layeranimation.min.js]
[bizedkhan.com/envato/experts/revolution/js/extensions/revolution.extension.navigation.min.js]
[bizedkhan.com/envato/experts/revolution/js/extensions/revolution.extension.parallax.min.js]
[bizedkhan.com/envato/experts/Popover requires tooltip.js]
[bizedkhan.com/envato/experts/js/bootstrap.min.js]
[bizedkhan.com/envato/experts/js/menuzord.js]
[bizedkhan.com/envato/experts/js/owl.carousel.min.js]
[bizedkhan.com/envato/experts/js/jquery.counterup.js]
[bizedkhan.com/envato/experts/js/waypoints.min.js]
[bizedkhan.com/envato/experts/js/countdown.js]
[bizedkhan.com/envato/experts/js/parallax.min.js]
[bizedkhan.com/envato/experts/js/jquery.bootFolio.js]
[bizedkhan.com/envato/experts/js/jquery.magnific-popup.js]
[bizedkhan.com/envato/experts/js/jquery-ui.js]
[bizedkhan.com/envato/experts/js/rev-function.js]
[bizedkhan.com/envato/experts/js/smoothscroll.js]
[bizedkhan.com/envato/experts/js/main.js]
[bizedkhan.com/envato/experts/fonts/glyphicons-halflings-regular.svg]
[bizedkhan.com/envato/experts/fonts/fontawesome-webfont3295.svg]
[bizedkhan.com/envato/experts/js/jquery.matchHeight.js]
[bizedkhan.com/envato/experts/css/images/ui-icons_444444_256x240.html]
[bizedkhan.com/envato/experts/css/images/ui-icons_777777_256x240.html]
[bizedkhan.com/envato/experts/css/images/ui-icons_555555_256x240.html]
[bizedkhan.com/envato/experts/css/images/ui-icons_ffffff_256x240.html]
[bizedkhan.com/envato/experts/css/images/ui-icons_777620_256x240.html]
[bizedkhan.com/envato/experts/css/images/ui-icons_cc0000_256x240.html]
[bizedkhan.com/envato/experts/css/owl.video.play.html]
[bizedkhan.com/envato/experts/revolution/fonts/revicons/revicons90c6.svg]
[bizedkhan.com/envato/experts/fonts/fontawesome-webfont3295.eot]
[bizedkhan.com/envato/experts/js/map.js]
[bizedkhan.com/envato/experts/TweenLite.html]
[bizedkhan.com/envato/experts/Version/index.html]
[bizedkhan.com/envato/TweenLite.html]
[bizedkhan.com/envato/experts/themepunch.revolution.min.html]
[bizedkhan.com/envato/experts/jquery.themepunch.revolution.min.html]
[bizedkhan.com/envato/experts/jquery.themepunch.revolution.html]
[bizedkhan.com/envato/experts/Popover requires tooltip.html]
[bizedkhan.com/envato/experts/js/jquery.matchHeight.js]
[bizedkhan.com/envato/experts/images/team/team-8.png]
[bizedkhan.com/envato/experts/images/quote-slider-icon.png]
[bizedkhan.com/envato/experts/images/main-title-divider-type-2.png]
